# listening-quiz-factory — 秘密は含まない（金庫/キャッシュ上の「名前」だけ）
# 使い方: secrets-run.ps1 listening-quiz-factory -- python -m pipeline.run ...
#
# 注意: ここに書いた項目が 1 件でもローカルに無いと secrets-run は fail-closed で止まる。
#       だから「金庫に実在するもの」だけを書く。未登録のものは下のコメントに置いておき、
#       secret-put → secret-push-bw で登録した時に 1 行に昇格させる。
#
# 金庫に未登録のため、まだ書けないもの（TTS ベイクオフ docs/TTS_RESEARCH.md）:
#   AZURE_SPEECH_KEY=api-key/azure-speech/listening-quiz-factory   (Azure ja-JP DragonHD)
#   AZURE_SPEECH_REGION=config/azure-speech/region                 (例: southeastasia)
#   MINIMAX_API_KEY / MINIMAX_GROUP_ID  (TTS・音楽・H3 のフォールバック)
#   HF_TOKEN                            (Hugging Face)
ELEVENLABS_API_KEY=api-key/elevenlabs/listening-quiz-factory
# Gemini は AI Studio のキーがアカウント共通なので grading と同じものを参照する
GEMINI_API_KEY=api-key/gemini/aistudio
# Fish はアカウント 1 つを全プロジェクトで共有するので main（金庫の実名に一致）
FISH_AUDIO_API_KEY=api-key/fish-audio/main
# Civitai は金庫側が `civitai api key`（フォルダなし）だったので規約名へ改名済み。
# Windows 側は secret-pull で先にこの名前でローカルへ入れてあるので、両機とも解決できる。
CIVITAI_API_KEY=api-key/civitai/listening-quiz-factory
